===============================================================
  TITAN X5-B (BLACKWELL) SILICON VALIDATION SUITE v2.0
  Testing Code: rtl/titan_x5_gpu_top.v
  Software: Icarus Verilog (OSS CAD Suite)
===============================================================
VCD info: dumpfile tb/blackwell_wave.vcd opened for output.
Time=0 | CLK=0 | RST=0 | Host PTR=10000000 | VRAM_WVALID=0 | VRAM_RVALID=0
Time=5000 | CLK=1 | RST=0 | Host PTR=10000000 | VRAM_WVALID=0 | VRAM_RVALID=0
Time=10000 | CLK=0 | RST=0 | Host PTR=10000000 | VRAM_WVALID=0 | VRAM_RVALID=0
Time=15000 | CLK=1 | RST=0 | Host PTR=10000000 | VRAM_WVALID=0 | VRAM_RVALID=0
Time=20000 | CLK=0 | RST=1 | Host PTR=10000000 | VRAM_WVALID=0 | VRAM_RVALID=0
Time=25000 | CLK=1 | RST=1 | Host PTR=10000000 | VRAM_WVALID=0 | VRAM_RVALID=0
Time=30000 | CLK=0 | RST=1 | Host PTR=10000000 | VRAM_WVALID=0 | VRAM_RVALID=0
Time=35000 | CLK=1 | RST=1 | Host PTR=10000000 | VRAM_WVALID=0 | VRAM_RVALID=0
Time=40000 | CLK=0 | RST=1 | Host PTR=10000000 | VRAM_WVALID=0 | VRAM_RVALID=0
Time=45000 | CLK=1 | RST=1 | Host PTR=10000000 | VRAM_WVALID=0 | VRAM_RVALID=0
Time=50000 | CLK=0 | RST=1 | Host PTR=10000000 | VRAM_WVALID=0 | VRAM_RVALID=0
Time=55000 | CLK=1 | RST=1 | Host PTR=10000000 | VRAM_WVALID=0 | VRAM_RVALID=0
Time=60000 | CLK=0 | RST=1 | Host PTR=10000010 | VRAM_WVALID=0 | VRAM_RVALID=0
Time=65000 | CLK=1 | RST=1 | Host PTR=10000010 | VRAM_WVALID=0 | VRAM_RVALID=0
Time=70000 | CLK=0 | RST=1 | Host PTR=10000010 | VRAM_WVALID=0 | VRAM_RVALID=0
Time=75000 | CLK=1 | RST=1 | Host PTR=10000010 | VRAM_WVALID=0 | VRAM_RVALID=0
Time=80000 | CLK=0 | RST=1 | Host PTR=10000010 | VRAM_WVALID=0 | VRAM_RVALID=0
Time=85000 | CLK=1 | RST=1 | Host PTR=10000010 | VRAM_WVALID=0 | VRAM_RVALID=0
Time=90000 | CLK=0 | RST=1 | Host PTR=10000010 | VRAM_WVALID=0 | VRAM_RVALID=0
Time=95000 | CLK=1 | RST=1 | Host PTR=10000010 | VRAM_WVALID=0 | VRAM_RVALID=0
Time=100000 | CLK=0 | RST=1 | Host PTR=10000010 | VRAM_WVALID=0 | VRAM_RVALID=0
Time=105000 | CLK=1 | RST=1 | Host PTR=10000010 | VRAM_WVALID=0 | VRAM_RVALID=0
Time=110000 | CLK=0 | RST=1 | Host PTR=10000010 | VRAM_WVALID=0 | VRAM_RVALID=0
Time=115000 | CLK=1 | RST=1 | Host PTR=10000010 | VRAM_WVALID=0 | VRAM_RVALID=0
Time=120000 | CLK=0 | RST=1 | Host PTR=10000010 | VRAM_WVALID=0 | VRAM_RVALID=0
Time=125000 | CLK=1 | RST=1 | Host PTR=10000010 | VRAM_WVALID=0 | VRAM_RVALID=0
Time=130000 | CLK=0 | RST=1 | Host PTR=10000010 | VRAM_WVALID=0 | VRAM_RVALID=0
Time=135000 | CLK=1 | RST=1 | Host PTR=10000010 | VRAM_WVALID=0 | VRAM_RVALID=0
Time=140000 | CLK=0 | RST=1 | Host PTR=10000010 | VRAM_WVALID=0 | VRAM_RVALID=0
Time=145000 | CLK=1 | RST=1 | Host PTR=10000010 | VRAM_WVALID=0 | VRAM_RVALID=0
Time=150000 | CLK=0 | RST=1 | Host PTR=10000010 | VRAM_WVALID=0 | VRAM_RVALID=0
Time=155000 | CLK=1 | RST=1 | Host PTR=10000010 | VRAM_WVALID=0 | VRAM_RVALID=0
Time=160000 | CLK=0 | RST=1 | Host PTR=10000010 | VRAM_WVALID=0 | VRAM_RVALID=0
Time=165000 | CLK=1 | RST=1 | Host PTR=10000010 | VRAM_WVALID=0 | VRAM_RVALID=0
Time=170000 | CLK=0 | RST=1 | Host PTR=10000010 | VRAM_WVALID=0 | VRAM_RVALID=0
Time=175000 | CLK=1 | RST=1 | Host PTR=10000010 | VRAM_WVALID=0 | VRAM_RVALID=0
Time=180000 | CLK=0 | RST=1 | Host PTR=10000010 | VRAM_WVALID=0 | VRAM_RVALID=0
Time=185000 | CLK=1 | RST=1 | Host PTR=10000010 | VRAM_WVALID=0 | VRAM_RVALID=0
Time=190000 | CLK=0 | RST=1 | Host PTR=10000010 | VRAM_WVALID=0 | VRAM_RVALID=0
Time=195000 | CLK=1 | RST=1 | Host PTR=10000010 | VRAM_WVALID=0 | VRAM_RVALID=0
Time=200000 | CLK=0 | RST=1 | Host PTR=10000010 | VRAM_WVALID=0 | VRAM_RVALID=0
Time=205000 | CLK=1 | RST=1 | Host PTR=10000010 | VRAM_WVALID=0 | VRAM_RVALID=0
Time=210000 | CLK=0 | RST=1 | Host PTR=10000010 | VRAM_WVALID=0 | VRAM_RVALID=0
Time=215000 | CLK=1 | RST=1 | Host PTR=10000010 | VRAM_WVALID=0 | VRAM_RVALID=0
Time=220000 | CLK=0 | RST=1 | Host PTR=10000010 | VRAM_WVALID=0 | VRAM_RVALID=0
Time=225000 | CLK=1 | RST=1 | Host PTR=10000010 | VRAM_WVALID=0 | VRAM_RVALID=0
Time=230000 | CLK=0 | RST=1 | Host PTR=10000010 | VRAM_WVALID=0 | VRAM_RVALID=0
Time=235000 | CLK=1 | RST=1 | Host PTR=10000010 | VRAM_WVALID=0 | VRAM_RVALID=0
Time=240000 | CLK=0 | RST=1 | Host PTR=10000010 | VRAM_WVALID=0 | VRAM_RVALID=0
Time=245000 | CLK=1 | RST=1 | Host PTR=10000010 | VRAM_WVALID=0 | VRAM_RVALID=0
Time=250000 | CLK=0 | RST=1 | Host PTR=10000010 | VRAM_WVALID=0 | VRAM_RVALID=0
Time=255000 | CLK=1 | RST=1 | Host PTR=10000010 | VRAM_WVALID=0 | VRAM_RVALID=0
Time=260000 | CLK=0 | RST=1 | Host PTR=10000010 | VRAM_WVALID=0 | VRAM_RVALID=0
Time=265000 | CLK=1 | RST=1 | Host PTR=10000010 | VRAM_WVALID=0 | VRAM_RVALID=0
Time=270000 | CLK=0 | RST=1 | Host PTR=10000010 | VRAM_WVALID=0 | VRAM_RVALID=0
Time=275000 | CLK=1 | RST=1 | Host PTR=10000010 | VRAM_WVALID=0 | VRAM_RVALID=0
Time=280000 | CLK=0 | RST=1 | Host PTR=10000010 | VRAM_WVALID=0 | VRAM_RVALID=0
Time=285000 | CLK=1 | RST=1 | Host PTR=10000010 | VRAM_WVALID=0 | VRAM_RVALID=0
Time=290000 | CLK=0 | RST=1 | Host PTR=10000010 | VRAM_WVALID=0 | VRAM_RVALID=0
Time=295000 | CLK=1 | RST=1 | Host PTR=10000010 | VRAM_WVALID=0 | VRAM_RVALID=0
Time=300000 | CLK=0 | RST=1 | Host PTR=10000010 | VRAM_WVALID=0 | VRAM_RVALID=0
Time=305000 | CLK=1 | RST=1 | Host PTR=10000010 | VRAM_WVALID=0 | VRAM_RVALID=0
Time=310000 | CLK=0 | RST=1 | Host PTR=10000010 | VRAM_WVALID=0 | VRAM_RVALID=0
Time=315000 | CLK=1 | RST=1 | Host PTR=10000010 | VRAM_WVALID=0 | VRAM_RVALID=0
Time=320000 | CLK=0 | RST=1 | Host PTR=10000010 | VRAM_WVALID=0 | VRAM_RVALID=0
Time=325000 | CLK=1 | RST=1 | Host PTR=10000010 | VRAM_WVALID=0 | VRAM_RVALID=0
Time=330000 | CLK=0 | RST=1 | Host PTR=10000010 | VRAM_WVALID=0 | VRAM_RVALID=0
Time=335000 | CLK=1 | RST=1 | Host PTR=10000010 | VRAM_WVALID=0 | VRAM_RVALID=0
Time=340000 | CLK=0 | RST=1 | Host PTR=10000010 | VRAM_WVALID=0 | VRAM_RVALID=0
Time=345000 | CLK=1 | RST=1 | Host PTR=10000010 | VRAM_WVALID=0 | VRAM_RVALID=0
Time=350000 | CLK=0 | RST=1 | Host PTR=10000010 | VRAM_WVALID=0 | VRAM_RVALID=0
Time=355000 | CLK=1 | RST=1 | Host PTR=10000010 | VRAM_WVALID=0 | VRAM_RVALID=0
===============================================================
  TEST PASSED: RTL Simulation Completed Without Assertion Failures
===============================================================
C:\Users\singb\Downloads\gpuuhj\tb\ultimate_blackwell_tb.v:112: $finish called at 360000 (1ps)
Time=360000 | CLK=0 | RST=1 | Host PTR=10000010 | VRAM_WVALID=0 | VRAM_RVALID=0
